Disassembling top-level module in ./opt-v3-tests/caught_exception_2.txt
  2       0 SETUP_EXCEPT         [43m[30mtry[39m[49m:

  3       3 LOAD_CONST             x = [43m[30m1[39m[49m / 0
          6 LOAD_CONST             x = 1 / [43m[30m0[39m[49m
          9 BINARY_DIVIDE          x = [43m[30m1 / 0[39m[49m
         10 STORE_NAME             [43m[30mx[39m[49m = 1 / 0
         13 POP_BLOCK              [43m[30mx[39m[49m = 1 / 0
         14 JUMP_FORWARD           [43m[30mx[39m[49m = 1 / 0

  4 >>   17 POP_TOP              [43m[30mexcept[39m[49m:
         18 POP_TOP              [43m[30mexcept[39m[49m:
         19 POP_TOP              [43m[30mexcept[39m[49m:

  5      20 LOAD_CONST             print([43m[30m"DIVIDE BY ZERO"[39m[49m)
         23 PRINT_ITEM             print([43m[30m"DIVIDE BY ZERO"[39m[49m)
         24 PRINT_NEWLINE          print([43m[30m"DIVIDE BY ZERO"[39m[49m)
         25 JUMP_FORWARD           print([43m[30m"DIVIDE BY ZERO"[39m[49m)
         28 END_FINALLY            print([43m[30m"DIVIDE BY ZERO"[39m[49m)

  9 >>   29 LOAD_NAME            print([43m[30my[39m[49m)
         32 PRINT_ITEM           print([43m[30my[39m[49m)
         33 PRINT_NEWLINE        print([43m[30my[39m[49m)

 11      34 LOAD_CONST           print([43m[30m"should not reach here"[39m[49m)
         37 PRINT_ITEM           print([43m[30m"should not reach here"[39m[49m)
         38 PRINT_NEWLINE        print([43m[30m"should not reach here"[39m[49m)
         39 LOAD_CONST           print([43m[30m"should not reach here"[39m[49m)
         42 RETURN_VALUE         print([43m[30m"should not reach here"[39m[49m)
