Disassembling top-level module in ./opt-v3-tests/fact.txt
  2       0 LOAD_CONST           [43m[30mdef[39m[49m fact(n):
          3 MAKE_FUNCTION        [43m[30mdef[39m[49m fact(n):
          6 STORE_NAME           [43m[30mdef[39m[49m fact(n):

  8       9 LOAD_NAME            print([43m[30mfact[39m[49m(6))
         12 LOAD_CONST           print(fact([43m[30m6[39m[49m))
         15 CALL_FUNCTION        print([43m[30mfact(6)[39m[49m)
         18 PRINT_ITEM           print([43m[30mfact(6)[39m[49m)
         19 PRINT_NEWLINE        print([43m[30mfact(6)[39m[49m)
         20 LOAD_CONST           print([43m[30mfact(6)[39m[49m)
         23 RETURN_VALUE         print([43m[30mfact(6)[39m[49m)

Disassembling function fact
  3       0 LOAD_FAST                if ([43m[30mn[39m[49m <= 1):
          3 LOAD_CONST               if (n <= [43m[30m1[39m[49m):
          6 COMPARE_OP               if ([43m[30mn <= 1[39m[49m):
          9 POP_JUMP_IF_FALSE        if ([43m[30mn <= 1[39m[49m):

  4      12 LOAD_CONST                   return [43m[30m1[39m[49m
         15 RETURN_VALUE                 return [43m[30m1[39m[49m
         16 JUMP_FORWARD                 return [43m[30m1[39m[49m

  6 >>   19 LOAD_FAST                    return [43m[30mn[39m[49m * fact(n - 1)
         22 LOAD_GLOBAL                  return n * [43m[30mfact[39m[49m(n - 1)
         25 LOAD_FAST                    return n * fact([43m[30mn[39m[49m - 1)
         28 LOAD_CONST                   return n * fact(n - [43m[30m1[39m[49m)
         31 BINARY_SUBTRACT              return n * fact([43m[30mn - 1[39m[49m)
         32 CALL_FUNCTION                return n * [43m[30mfact(n - 1)[39m[49m
         35 BINARY_MULTIPLY              return [43m[30mn * fact(n - 1)[39m[49m
         36 RETURN_VALUE                 return [43m[30mn * fact(n - 1)[39m[49m
    >>   37 LOAD_CONST                   return [43m[30mn * fact(n - 1)[39m[49m
         40 RETURN_VALUE                 return [43m[30mn * fact(n - 1)[39m[49m
