Disassembling top-level module in ./opt-v3-tests/generator_use_test.txt
  1       0 LOAD_CONST           [43m[30mdef[39m[49m gen_odds():
          3 MAKE_FUNCTION        [43m[30mdef[39m[49m gen_odds():
          6 STORE_NAME           [43m[30mdef[39m[49m gen_odds():

  7       9 SETUP_LOOP           [43m[30mfor[39m[49m i in gen_odds():
         12 LOAD_NAME            for i in [43m[30mgen_odds[39m[49m():
         15 CALL_FUNCTION        for i in [43m[30mgen_odds()[39m[49m:
         18 GET_ITER             for i in [43m[30mgen_odds()[39m[49m:
    >>   19 FOR_ITER             for i in [43m[30mgen_odds()[39m[49m:
         22 STORE_NAME           for [43m[30mi[39m[49m in gen_odds():

  8      25 LOAD_NAME              print([43m[30mi[39m[49m)
         28 PRINT_ITEM             print([43m[30mi[39m[49m)
         29 PRINT_NEWLINE          print([43m[30mi[39m[49m)
         30 JUMP_ABSOLUTE          print([43m[30mi[39m[49m)
    >>   33 POP_BLOCK              print([43m[30mi[39m[49m)
    >>   34 LOAD_CONST             print([43m[30mi[39m[49m)
         37 RETURN_VALUE           print([43m[30mi[39m[49m)

Disassembling function gen_odds
  2       0 LOAD_CONST             x = [43m[30m1[39m[49m
          3 STORE_FAST             [43m[30mx[39m[49m = 1

  3       6 SETUP_LOOP             [43m[30mwhile[39m[49m True:
    >>    9 LOAD_GLOBAL            while [43m[30mTrue[39m[49m:
         12 POP_JUMP_IF_FALSE      while [43m[30mTrue[39m[49m:

  4      15 LOAD_FAST                yield [43m[30mx[39m[49m
         18 YIELD_VALUE              [43m[30myield[39m[49m x
         19 POP_TOP                  [43m[30myield[39m[49m x

  5      20 LOAD_FAST                [43m[30mx[39m[49m += 2
         23 LOAD_CONST               x += [43m[30m2[39m[49m
         26 INPLACE_ADD              x += [43m[30m2[39m[49m
         27 STORE_FAST               x += [43m[30m2[39m[49m
         30 JUMP_ABSOLUTE            x += [43m[30m2[39m[49m
    >>   33 POP_BLOCK                x += [43m[30m2[39m[49m
    >>   34 LOAD_CONST               x += [43m[30m2[39m[49m
         37 RETURN_VALUE             x += [43m[30m2[39m[49m
