Disassembling top-level module in ./opt-v3-tests/simple.txt
  1       0 LOAD_CONST           x = [43m[30m5[39m[49m
          3 STORE_NAME           [43m[30mx[39m[49m = 5

  2       6 LOAD_CONST           y = [43m[30m10[39m[49m
          9 STORE_NAME           [43m[30my[39m[49m = 10

  3      12 LOAD_NAME            z = [43m[30mx[39m[49m * y
         15 LOAD_NAME            z = x * [43m[30my[39m[49m
         18 BINARY_MULTIPLY      z = [43m[30mx * y[39m[49m
         19 STORE_NAME           [43m[30mz[39m[49m = x * y

  4      22 LOAD_CONST           print([43m[30m"HELLO WORLD"[39m[49m)
         25 PRINT_ITEM           print([43m[30m"HELLO WORLD"[39m[49m)
         26 PRINT_NEWLINE        print([43m[30m"HELLO WORLD"[39m[49m)

  5      27 SETUP_LOOP           [43m[30mfor[39m[49m i in range(10):
         30 LOAD_NAME            for i in [43m[30mrange[39m[49m(10):
         33 LOAD_CONST           for i in range([43m[30m10[39m[49m):
         36 CALL_FUNCTION        for i in range([43m[30m10[39m[49m):
         39 GET_ITER             for i in range([43m[30m10[39m[49m):
    >>   40 FOR_ITER             for i in range([43m[30m10[39m[49m):
         43 STORE_NAME           for [43m[30mi[39m[49m in range(10):

  6      46 LOAD_NAME              print([43m[30mz[39m[49m * i)
         49 LOAD_NAME              print(z * [43m[30mi[39m[49m)
         52 BINARY_MULTIPLY        print([43m[30mz * i[39m[49m)
         53 PRINT_ITEM             print([43m[30mz * i[39m[49m)
         54 PRINT_NEWLINE          print([43m[30mz * i[39m[49m)
         55 JUMP_ABSOLUTE          print([43m[30mz * i[39m[49m)
    >>   58 POP_BLOCK              print([43m[30mz * i[39m[49m)
    >>   59 LOAD_CONST             print([43m[30mz * i[39m[49m)
         62 RETURN_VALUE           print([43m[30mz * i[39m[49m)
